#-----------------------------------------------------------
# Vivado v2023.1 (64-bit)
# SW Build 3865809 on Sun May  7 15:05:29 MDT 2023
# IP Build 3864474 on Sun May  7 20:36:21 MDT 2023
# SharedData Build 3865790 on Sun May 07 13:33:03 MDT 2023
# Start of session at: Sat Dec  9 21:01:57 2023
# Process ID: 1732
# Current directory: C:/Users/Jiefucious/project_4
# Command line: vivado.exe -gui_launcher_event rodinguilauncherevent17440 C:\Users\Jiefucious\project_4\project_4.xpr
# Log file: C:/Users/Jiefucious/project_4/vivado.log
# Journal file: C:/Users/Jiefucious/project_4\vivado.jou
# Running On: DESKTOP-IR5DHEO, OS: Windows, CPU Frequency: 3194 MHz, CPU Physical cores: 16, Host memory: 17020 MB
#-----------------------------------------------------------
start_gui
open_project C:/Users/Jiefucious/project_4/project_4.xpr
close [ open C:/Users/Jiefucious/project_4/project_4.srcs/sources_1/new/SUB.v w ]
add_files C:/Users/Jiefucious/project_4/project_4.srcs/sources_1/new/SUB.v
launch_simulation
source sim_CPU.tcl
current_wave_config {Untitled 1}
add_wave {{/sim_CPU/cpu}} 
close_sim
launch_simulation
source sim_CPU.tcl
current_wave_config {Untitled 2}
add_wave {{/sim_CPU/cpu}} 
current_wave_config {Untitled 2}
add_wave {{/sim_CPU/cpu/alu}} 
close_sim
launch_simulation
source sim_CPU.tcl
current_wave_config {Untitled 3}
add_wave {{/sim_CPU/cpu/alu}} 
close_sim
launch_simulation
source sim_CPU.tcl
close_sim
launch_simulation
source sim_CPU.tcl
current_wave_config {Untitled 5}
add_wave {{/sim_CPU/cpu}} 
current_wave_config {Untitled 5}
add_wave {{/sim_CPU/cpu/alu}} 
close_sim
launch_simulation
source sim_CPU.tcl
current_wave_config {Untitled 6}
add_wave {{/sim_CPU/cpu}} 
close_sim
launch_simulation
source sim_CPU.tcl
current_wave_config {Untitled 7}
add_wave {{/sim_CPU/cpu}} 
close_sim
launch_simulation
source sim_CPU.tcl
close_sim
launch_simulation
source sim_CPU.tcl
close_sim
